d:/wavly/.venv/Scripts/python.exe : .EEEE.EEEEE...........E...E....EEE....
At line:1 char:1
+ d:/wavly/.venv/Scripts/python.exe -m unittest tests.test_adaptive_eng ...
+ ~~~~~~~~~~~~~~~~~~~~~~~~~~~~~~~~~~~~~~~~~~~~~~~~~~~~~~~~~~~~~~~~~~~~~
    + CategoryInfo          : NotSpecified: (.EEEE.EEEEE...........E...E....EE 
   E....:String) [], RemoteException
    + FullyQualifiedErrorId : NativeCommandError
 
======================================================================
ERROR: test_confidence_threshold_respects_limits_on_adaptation (tests.test_adap
tive_engine.TestAdaptiveEngine.test_confidence_threshold_respects_limits_on_ada
ptation)
Verify adapted threshold never exceed hard limits during adaptation.
----------------------------------------------------------------------
Traceback (most recent call last):
  File "D:\wavly\tests\test_adaptive_engine.py", line 280, in 
test_confidence_threshold_respects_limits_on_adaptation
    self.engine._adapt_cycle()
  File "D:\wavly\core\adaptive_engine.py", line 241, in _adapt_cycle
    print(f"\n[Adaptive] \u256d\u2500 Adaptation Cycle 
#{self._adapt_cycle_count}")
  File 
"C:\Users\hp\AppData\Local\Programs\Python\Python312\Lib\encodings\cp1252.py", 
line 19, in encode
    return codecs.charmap_encode(input,self.errors,encoding_table)[0]
           ^^^^^^^^^^^^^^^^^^^^^^^^^^^^^^^^^^^^^^^^^^^^^^^^^^^^^^^
UnicodeEncodeError: 'charmap' codec can't encode characters in position 13-14: 
character maps to <undefined>

======================================================================
ERROR: test_high_confidence_raises_threshold (tests.test_adaptive_engine.TestAd
aptiveEngine.test_high_confidence_raises_threshold)
Verify threshold increases when mean confidence > 0.80 and misfire low.
----------------------------------------------------------------------
Traceback (most recent call last):
  File "D:\wavly\tests\test_adaptive_engine.py", line 234, in 
test_high_confidence_raises_threshold
    self.engine._adapt_cycle()
  File "D:\wavly\core\adaptive_engine.py", line 241, in _adapt_cycle
    print(f"\n[Adaptive] \u256d\u2500 Adaptation Cycle 
#{self._adapt_cycle_count}")
  File 
"C:\Users\hp\AppData\Local\Programs\Python\Python312\Lib\encodings\cp1252.py", 
line 19, in encode
    return codecs.charmap_encode(input,self.errors,encoding_table)[0]
           ^^^^^^^^^^^^^^^^^^^^^^^^^^^^^^^^^^^^^^^^^^^^^^^^^^^^^^^
UnicodeEncodeError: 'charmap' codec can't encode characters in position 13-14: 
character maps to <undefined>

======================================================================
ERROR: test_high_misfire_rate_increases_hold_frames (tests.test_adaptive_engine
.TestAdaptiveEngine.test_high_misfire_rate_increases_hold_frames)
Verify hold_frames increases when misfire rate > 20%.
----------------------------------------------------------------------
Traceback (most recent call last):
  File "D:\wavly\tests\test_adaptive_engine.py", line 169, in 
test_high_misfire_rate_increases_hold_frames
    self.engine._adapt_cycle()
  File "D:\wavly\core\adaptive_engine.py", line 241, in _adapt_cycle
    print(f"\n[Adaptive] \u256d\u2500 Adaptation Cycle 
#{self._adapt_cycle_count}")
  File 
"C:\Users\hp\AppData\Local\Programs\Python\Python312\Lib\encodings\cp1252.py", 
line 19, in encode
    return codecs.charmap_encode(input,self.errors,encoding_table)[0]
           ^^^^^^^^^^^^^^^^^^^^^^^^^^^^^^^^^^^^^^^^^^^^^^^^^^^^^^^
UnicodeEncodeError: 'charmap' codec can't encode characters in position 13-14: 
character maps to <undefined>

======================================================================
ERROR: test_hold_frames_respects_limits_on_adaptation (tests.test_adaptive_engi
ne.TestAdaptiveEngine.test_hold_frames_respects_limits_on_adaptation)
Verify adapted hold_frames never exceed hard limits during adaptation.
----------------------------------------------------------------------
Traceback (most recent call last):
  File "D:\wavly\tests\test_adaptive_engine.py", line 261, in 
test_hold_frames_respects_limits_on_adaptation
    self.engine._adapt_cycle()
  File "D:\wavly\core\adaptive_engine.py", line 241, in _adapt_cycle
    print(f"\n[Adaptive] \u256d\u2500 Adaptation Cycle 
#{self._adapt_cycle_count}")
  File 
"C:\Users\hp\AppData\Local\Programs\Python\Python312\Lib\encodings\cp1252.py", 
line 19, in encode
    return codecs.charmap_encode(input,self.errors,encoding_table)[0]
           ^^^^^^^^^^^^^^^^^^^^^^^^^^^^^^^^^^^^^^^^^^^^^^^^^^^^^^^
UnicodeEncodeError: 'charmap' codec can't encode characters in position 13-14: 
character maps to <undefined>

======================================================================
ERROR: test_low_confidence_lowers_threshold (tests.test_adaptive_engine.TestAda
ptiveEngine.test_low_confidence_lowers_threshold)
Verify threshold decreases when mean confidence is consistently low.
----------------------------------------------------------------------
Traceback (most recent call last):
  File "D:\wavly\tests\test_adaptive_engine.py", line 214, in 
test_low_confidence_lowers_threshold
    self.engine._adapt_cycle()
  File "D:\wavly\core\adaptive_engine.py", line 241, in _adapt_cycle
    print(f"\n[Adaptive] \u256d\u2500 Adaptation Cycle 
#{self._adapt_cycle_count}")
  File 
"C:\Users\hp\AppData\Local\Programs\Python\Python312\Lib\encodings\cp1252.py", 
line 19, in encode
    return codecs.charmap_encode(input,self.errors,encoding_table)[0]
           ^^^^^^^^^^^^^^^^^^^^^^^^^^^^^^^^^^^^^^^^^^^^^^^^^^^^^^^
UnicodeEncodeError: 'charmap' codec can't encode characters in position 13-14: 
character maps to <undefined>

======================================================================
ERROR: test_low_misfire_rate_decreases_hold_frames (tests.test_adaptive_engine.
TestAdaptiveEngine.test_low_misfire_rate_decreases_hold_frames)
Verify hold_frames doesn't increase when misfire rate < 5% and confidence high.
----------------------------------------------------------------------
Traceback (most recent call last):
  File "D:\wavly\tests\test_adaptive_engine.py", line 189, in 
test_low_misfire_rate_decreases_hold_frames
    self.engine._adapt_cycle()
  File "D:\wavly\core\adaptive_engine.py", line 241, in _adapt_cycle
    print(f"\n[Adaptive] \u256d\u2500 Adaptation Cycle 
#{self._adapt_cycle_count}")
  File 
"C:\Users\hp\AppData\Local\Programs\Python\Python312\Lib\encodings\cp1252.py", 
line 19, in encode
    return codecs.charmap_encode(input,self.errors,encoding_table)[0]
           ^^^^^^^^^^^^^^^^^^^^^^^^^^^^^^^^^^^^^^^^^^^^^^^^^^^^^^^
UnicodeEncodeError: 'charmap' codec can't encode characters in position 13-14: 
character maps to <undefined>

======================================================================
ERROR: test_no_reversal_if_too_far_apart (tests.test_adaptive_engine.TestAdapti
veEngine.test_no_reversal_if_too_far_apart)
Verify reversals outside window are not detected.
----------------------------------------------------------------------
Traceback (most recent call last):
  File "D:\wavly\tests\test_adaptive_engine.py", line 139, in 
test_no_reversal_if_too_far_apart
    self.engine._adapt_cycle()
  File "D:\wavly\core\adaptive_engine.py", line 241, in _adapt_cycle
    print(f"\n[Adaptive] \u256d\u2500 Adaptation Cycle 
#{self._adapt_cycle_count}")
  File 
"C:\Users\hp\AppData\Local\Programs\Python\Python312\Lib\encodings\cp1252.py", 
line 19, in encode
    return codecs.charmap_encode(input,self.errors,encoding_table)[0]
           ^^^^^^^^^^^^^^^^^^^^^^^^^^^^^^^^^^^^^^^^^^^^^^^^^^^^^^^
UnicodeEncodeError: 'charmap' codec can't encode characters in position 13-14: 
character maps to <undefined>

======================================================================
ERROR: test_reset_clears_all_stats 
(tests.test_adaptive_engine.TestAdaptiveEngine.test_reset_clears_all_stats)
Verify reset() wipes learned data.
----------------------------------------------------------------------
Traceback (most recent call last):
  File "D:\wavly\tests\test_adaptive_engine.py", line 299, in 
test_reset_clears_all_stats
    self.engine.reset()
  File "D:\wavly\core\adaptive_engine.py", line 193, in reset
    print("[Adaptive] \u21ba Reset to factory defaults.")
  File 
"C:\Users\hp\AppData\Local\Programs\Python\Python312\Lib\encodings\cp1252.py", 
line 19, in encode
    return codecs.charmap_encode(input,self.errors,encoding_table)[0]
           ^^^^^^^^^^^^^^^^^^^^^^^^^^^^^^^^^^^^^^^^^^^^^^^^^^^^^^^
UnicodeEncodeError: 'charmap' codec can't encode character '\u21ba' in 
position 11: character maps to <undefined>

======================================================================
ERROR: test_reversal_detection 
(tests.test_adaptive_engine.TestAdaptiveEngine.test_reversal_detection)
Verify misfire detection triggers on fast reversals.
----------------------------------------------------------------------
Traceback (most recent call last):
  File "D:\wavly\tests\test_adaptive_engine.py", line 126, in 
test_reversal_detection
    self.engine._adapt_cycle()
  File "D:\wavly\core\adaptive_engine.py", line 241, in _adapt_cycle
    print(f"\n[Adaptive] \u256d\u2500 Adaptation Cycle 
#{self._adapt_cycle_count}")
  File 
"C:\Users\hp\AppData\Local\Programs\Python\Python312\Lib\encodings\cp1252.py", 
line 19, in encode
    return codecs.charmap_encode(input,self.errors,encoding_table)[0]
           ^^^^^^^^^^^^^^^^^^^^^^^^^^^^^^^^^^^^^^^^^^^^^^^^^^^^^^^
UnicodeEncodeError: 'charmap' codec can't encode characters in position 13-14: 
character maps to <undefined>

======================================================================
ERROR: test_full_hybrid_flow 
(tests.test_hybrid.TestHybridIntegration.test_full_hybrid_flow)
Simulate complete hybrid command flow.
----------------------------------------------------------------------
Traceback (most recent call last):
  File "D:\wavly\tests\test_hybrid.py", line 268, in test_full_hybrid_flow
    intent = self.resolver.resolve_hybrid(pending.voice_action, "point")
             ^^^^^^^^^^^^^^^^^^^^^^^^^^^^^^^^^^^^^^^^^^^^^^^^^^^^^^^^^^^
  File "D:\wavly\core\intent_resolver.py", line 74, in resolve_hybrid
    print(f"[IntentResolver] Hybrid match: {voice_action} + {gesture_type} "
  File 
"C:\Users\hp\AppData\Local\Programs\Python\Python312\Lib\encodings\cp1252.py", 
line 19, in encode
    return codecs.charmap_encode(input,self.errors,encoding_table)[0]
[Adaptive] Profile loaded ù 1 gestures remembered.
[CommandQueue] Stored: action (waiting for gesture...)
[CommandQueue] Matched: action + point
[CommandQueue] Stored: action (waiting for gesture...)
[CommandQueue] Matched: action + point
[CommandQueue] Stored: action (waiting for gesture...)
[CommandQueue] Matched: action + point
[CommandQueue] Stored: action (waiting for gesture...)
[CommandQueue] Matched: action + point
[CommandQueue] Stored: action (waiting for gesture...)
[CommandQueue] Matched: action + point
[CommandQueue] Stored: action (waiting for gesture...)
[CommandQueue] Matched: action + point
[CommandQueue] Stored: action (waiting for gesture...)
[CommandQueue] Matched: action + point
[CommandQueue] Stored: action (waiting for gesture...)
[CommandQueue] Matched: action + point
[CommandQueue] Stored: action (waiting for gesture...)
[CommandQueue] Matched: action + point
[CommandQueue] Stored: action (waiting for gesture...)
[CommandQueue] Matched: action + point
[CommandQueue] Stored: action (waiting for gesture...)
[CommandQueue] Matched: action + point
[CommandQueue] Stored: action (waiting for gesture...)
[CommandQueue] Matched: action + point
[CommandQueue] Stored: action (waiting for gesture...)
[CommandQueue] Matched: action + point
[CommandQueue] Stored: action (waiting for gesture...)
[CommandQueue] Matched: action + point
[CommandQueue] Stored: action (waiting for gesture...)
[CommandQueue] Matched: action + point
[CommandQueue] Stored: action (waiting for gesture...)
[CommandQueue] Matched: action + point
[CommandQueue] Stored: action (waiting for gesture...)
[CommandQueue] Matched: action + point
[CommandQueue] Stored: action (waiting for gesture...)
[CommandQueue] Matched: action + point
[CommandQueue] Stored: action (waiting for gesture...)
[CommandQueue] Matched: action + point
[CommandQueue] Stored: action (waiting for gesture...)
[CommandQueue] Matched: action + point
           ^^^^^^^^^^^^^^^^^^^^^^^^^^^^^^^^^^^^^^^^^^^^^^^^^^^^^^^
UnicodeEncodeError: 'charmap' codec can't encode character '\u2192' in 
position 44: character maps to <undefined>

======================================================================
ERROR: test_confidence_combines_voice_and_gesture (tests.test_hybrid.TestIntent
Resolver.test_confidence_combines_voice_and_gesture)
Verify confidence is product of voice + gesture.
----------------------------------------------------------------------
Traceback (most recent call last):
  File "D:\wavly\tests\test_hybrid.py", line 171, in 
test_confidence_combines_voice_and_gesture
    intent = self.resolver.resolve_hybrid(
             ^^^^^^^^^^^^^^^^^^^^^^^^^^^^^
  File "D:\wavly\core\intent_resolver.py", line 74, in resolve_hybrid
    print(f"[IntentResolver] Hybrid match: {voice_action} + {gesture_type} "
  File 
"C:\Users\hp\AppData\Local\Programs\Python\Python312\Lib\encodings\cp1252.py", 
line 19, in encode
    return codecs.charmap_encode(input,self.errors,encoding_table)[0]
           ^^^^^^^^^^^^^^^^^^^^^^^^^^^^^^^^^^^^^^^^^^^^^^^^^^^^^^^
UnicodeEncodeError: 'charmap' codec can't encode character '\u2192' in 
position 44: character maps to <undefined>

======================================================================
ERROR: test_resolve_go_to_plus_fingers 
(tests.test_hybrid.TestIntentResolver.test_resolve_go_to_plus_fingers)
Verify ('go_to', 'fingers') resolves.
----------------------------------------------------------------------
Traceback (most recent call last):
  File "D:\wavly\tests\test_hybrid.py", line 151, in 
test_resolve_go_to_plus_fingers
    intent = self.resolver.resolve_hybrid("go_to", "fingers")
             ^^^^^^^^^^^^^^^^^^^^^^^^^^^^^^^^^^^^^^^^^^^^^^^^
  File "D:\wavly\core\intent_resolver.py", line 74, in resolve_hybrid
    print(f"[IntentResolver] Hybrid match: {voice_action} + {gesture_type} "
  File 
"C:\Users\hp\AppData\Local\Programs\Python\Python312\Lib\encodings\cp1252.py", 
line 19, in encode
    return codecs.charmap_encode(input,self.errors,encoding_table)[0]
           ^^^^^^^^^^^^^^^^^^^^^^^^^^^^^^^^^^^^^^^^^^^^^^^^^^^^^^^
UnicodeEncodeError: 'charmap' codec can't encode character '\u2192' in 
position 47: character maps to <undefined>

======================================================================
ERROR: test_resolve_open_plus_point 
(tests.test_hybrid.TestIntentResolver.test_resolve_open_plus_point)
Verify ('open', 'point') resolves to hybrid action.
----------------------------------------------------------------------
Traceback (most recent call last):
  File "D:\wavly\tests\test_hybrid.py", line 137, in 
test_resolve_open_plus_point
    intent = self.resolver.resolve_hybrid("open", "point")
             ^^^^^^^^^^^^^^^^^^^^^^^^^^^^^^^^^^^^^^^^^^^^^
  File "D:\wavly\core\intent_resolver.py", line 74, in resolve_hybrid
    print(f"[IntentResolver] Hybrid match: {voice_action} + {gesture_type} "
  File 
"C:\Users\hp\AppData\Local\Programs\Python\Python312\Lib\encodings\cp1252.py", 
line 19, in encode
    return codecs.charmap_encode(input,self.errors,encoding_table)[0]
           ^^^^^^^^^^^^^^^^^^^^^^^^^^^^^^^^^^^^^^^^^^^^^^^^^^^^^^^
UnicodeEncodeError: 'charmap' codec can't encode character '\u2192' in 
position 44: character maps to <undefined>

======================================================================
ERROR: test_resolve_search_plus_air_letter 
(tests.test_hybrid.TestIntentResolver.test_resolve_search_plus_air_letter)
Verify ('search', 'air_letter') resolves.
----------------------------------------------------------------------
Traceback (most recent call last):
  File "D:\wavly\tests\test_hybrid.py", line 145, in 
test_resolve_search_plus_air_letter
    intent = self.resolver.resolve_hybrid("search", "air_letter")
             ^^^^^^^^^^^^^^^^^^^^^^^^^^^^^^^^^^^^^^^^^^^^^^^^^^^^
  File "D:\wavly\core\intent_resolver.py", line 74, in resolve_hybrid
    print(f"[IntentResolver] Hybrid match: {voice_action} + {gesture_type} "
  File 
"C:\Users\hp\AppData\Local\Programs\Python\Python312\Lib\encodings\cp1252.py", 
line 19, in encode
[CommandQueue] Stored: action (waiting for gesture...)
[CommandQueue] Matched: action + point
[CommandQueue] Stored: action (waiting for gesture...)
[CommandQueue] Matched: action + point
[CommandQueue] Stored: action (waiting for gesture...)
[CommandQueue] Matched: action + point
[CommandQueue] Stored: action (waiting for gesture...)
[CommandQueue] Matched: action + point
[CommandQueue] Stored: action (waiting for gesture...)
[CommandQueue] Matched: action + point
[CommandQueue] Stored: action (waiting for gesture...)
[CommandQueue] Matched: action + point
[CommandQueue] Stored: action (waiting for gesture...)
[CommandQueue] Matched: action + point
[CommandQueue] Stored: action (waiting for gesture...)
[CommandQueue] Matched: action + point
[CommandQueue] Stored: action (waiting for gesture...)
[CommandQueue] Matched: action + point
[CommandQueue] Stored: action (waiting for gesture...)
[CommandQueue] Matched: action + point
[CommandQueue] Stored: action (waiting for gesture...)
[CommandQueue] Matched: action + point
[CommandQueue] Stored: action (waiting for gesture...)
[CommandQueue] Matched: action + point
[CommandQueue] Stored: action (waiting for gesture...)
[CommandQueue] Matched: action + point
[CommandQueue] Stored: action (waiting for gesture...)
[CommandQueue] Matched: action + point
[CommandQueue] Stored: action (waiting for gesture...)
[CommandQueue] Matched: action + point
[CommandQueue] Stored: action (waiting for gesture...)
[CommandQueue] Matched: action + point
[CommandQueue] Stored: action (waiting for gesture...)
[CommandQueue] Matched: action + point
[CommandQueue] Stored: action (waiting for gesture...)
[CommandQueue] Matched: action + point
[CommandQueue] Stored: action (waiting for gesture...)
[CommandQueue] Matched: action + point
[CommandQueue] Stored: action (waiting for gesture...)
[CommandQueue] Stored: action (waiting for gesture...)
[CommandQueue] Matched: action + point
[CommandQueue] Stored: action (waiting for gesture...)
[CommandQueue] Matched: action + point
[CommandQueue] Matched: action + point
[CommandQueue] Stored: action (waiting for gesture...)
[CommandQueue] Stored: action (waiting for gesture...)
[CommandQueue] Matched: action + point
[CommandQueue] Stored: action (waiting for gesture...)
[CommandQueue] Matched: action + point
[CommandQueue] Stored: action (waiting for gesture...)
[CommandQueue] Matched: action + point
[CommandQueue] Matched: action + point
[CommandQueue] Stored: action (waiting for gesture...)
[CommandQueue] Matched: action + point
[CommandQueue] Stored: action (waiting for gesture...)
[CommandQueue] Stored: action (waiting for gesture...)
[CommandQueue] Matched: action + point
[CommandQueue] Stored: action (waiting for gesture...)
[CommandQueue] Matched: action + point
[CommandQueue] Stored: paste (waiting for gesture...)
[CommandQueue] Matched: paste + point
[CommandQueue] Stored: copy (waiting for gesture...)
[CommandQueue] Expired (voice-only): copy
[CommandQueue] Stored: open (waiting for gesture...)
[CommandQueue] Stored: search (waiting for gesture...)
[CommandQueue] Stored: copy (waiting for gesture...)
[CommandQueue] Stored: open (waiting for gesture...)
[CommandQueue] Stored: open (waiting for gesture...)
[CommandQueue] Matched: open + point
[CommandQueue] Stored: search (waiting for gesture...)
[CommandQueue] Stored: open (waiting for gesture...)
[CommandQueue] Matched: open + point
[CommandQueue] Stored: copy (waiting for gesture...)
[CommandQueue] Expired (voice-only): copy
    return codecs.charmap_encode(input,self.errors,encoding_table)[0]
           ^^^^^^^^^^^^^^^^^^^^^^^^^^^^^^^^^^^^^^^^^^^^^^^^^^^^^^^
UnicodeEncodeError: 'charmap' codec can't encode character '\u2192' in 
position 51: character maps to <undefined>

----------------------------------------------------------------------
Ran 38 tests in 3.394s

FAILED (errors=14)
